// Jest Snapshot v1, https://jestjs.io/docs/snapshot-testing

exports[`Footer Component renders footer correctly 1`] = `
<div>
  <div
    class="navbar"
  >
    <div
      class="navbar__brand"
      id="title"
    />
    <div
      class="navbar__right"
    >
      <button
        class="navbar__button navbar__button--primary"
      >
        Sign In
      </button>
    </div>
  </div>
</div>
`;
